// Jest Snapshot v1, https://goo.gl/fbAQLP

exports[`Tests on <Button /> it should match with the snapshot 1`] = `
<div>
  <button
    class="pkm-btn"
    type="button"
  >
    <span
      class="icon-search"
    />
    Buscar
  </button>
</div>
`;
