// Jest Snapshot v1, https://goo.gl/fbAQLP

exports[`Tests on <Modal /> it should match with the snapshot 1`] = `
<div>
  <div
    class="ModalBackground"
  >
    test
  </div>
</div>
`;
