// Jest Snapshot v1, https://goo.gl/fbAQLP

exports[`Tests on <PokemonForm /> it should match wit the snapshot 1`] = `
<div>
  <form
    class="pkm-form"
  >
    <p
      class="pkm-form-p"
    >
      Pokemon
    </p>
    <div
      class="pkm-form-div-info"
    >
      <label
        class="pkm-form-label"
      >
        undefined:
      </label>
      <div
        class="pkm-div-input"
        style="max-width: 200px;"
      >
        <input
          class="pkm-input"
          placeholder=""
          value=""
        />
      </div>
      <label
        class="pkm-form-label"
      >
        undefined:
      </label>
      <div
        class="pkm-form-div-slider"
      >
        0
        <div
          class="rc-slider pkm-form-slider rc-slider-horizontal"
        >
          <div
            class="rc-slider-rail"
          />
          <div
            class="rc-slider-track"
            style="left: 0%; width: 0%; background-color: rgb(39, 113, 223);"
          />
          <div
            class="rc-slider-step"
          />
          <div
            aria-disabled="false"
            aria-valuemax="100"
            aria-valuemin="0"
            aria-valuenow="0"
            class="rc-slider-handle"
            role="slider"
            style="left: 0%; transform: translateX(-50%);"
            tabindex="0"
          />
        </div>
        100
      </div>
    </div>
    <div
      class="pkm-form-div-info"
    >
      <label
        class="pkm-form-label"
      >
        undefined:
      </label>
      <div
        class="pkm-div-input"
        style="max-width: 200px;"
      >
        <input
          class="pkm-input"
          placeholder=""
          value=""
        />
      </div>
      <label
        class="pkm-form-label"
      >
        undefined:
      </label>
      <div
        class="pkm-form-div-slider"
      >
        0
        <div
          class="rc-slider pkm-form-slider rc-slider-horizontal"
        >
          <div
            class="rc-slider-rail"
          />
          <div
            class="rc-slider-track"
            style="left: 0%; width: 0%; background-color: rgb(39, 113, 223);"
          />
          <div
            class="rc-slider-step"
          />
          <div
            aria-disabled="false"
            aria-valuemax="100"
            aria-valuemin="0"
            aria-valuenow="0"
            class="rc-slider-handle"
            role="slider"
            style="left: 0%; transform: translateX(-50%);"
            tabindex="0"
          />
        </div>
        100
      </div>
    </div>
    <div
      class="pkm-form-div-actions"
    >
      <button
        aria-label="btn-create"
        class="pkm-btn"
        type="button"
      >
        <span
          class="icon-create"
        />
      </button>
      <button
        aria-label="btn-cancel"
        class="pkm-btn"
        type="button"
      >
        <span
          class="icon-cancel"
        />
      </button>
    </div>
  </form>
</div>
`;
